{
  "totalCount": 1,
  "products": [
    {
      "id": "4495c574-34c2-4fb3-9ca4-3a7c79c267a6",
      "groupID": "024d78d6-1d03-41ec-a478-0242ac180002",
      "name": "プロジェクト管理ツール",
      "leaderID": "024d78d6-1d03-44ec-a478-0242ac184402",
      "createdAt": "2021-11-05T00:00:00Z",
      "updatedAt": "2021-11-05T00:00:00Z"
    }
  ]
}
