{
  "id": "024d71d6-1d03-11ec-a478-0242ac180002",
  "groupID": "024d78d6-1d03-11ec-a478-0242ac180002",
  "keyName": "AAA",
  "name": "管理ツール1",
  "leaderID": "024d78d6-1d03-11ec-a478-0242ac184402",
  "defaultAssigneeID": "024d78d6-1d03-11ec-a478-9242ac180002",
  "createdAt": "2021-11-14T00:00:00Z",
  "updatedAt": "2021-11-14T00:00:00Z"
}
