{
  "status": 404,
  "error": "projectNotFound"
}
