{
  "id": "52dfc0d0-748e-11ec-88fd-acde48001122",
  "productID": "4495c574-34c2-4fb3-9ca4-3a7c79c267a6",
  "groupID": "024d78d6-1d03-11ec-a478-0242ac180002",
  "title": "ノート",
  "content": "note",
  "createdBy": "024d78d6-1d03-11ec-a478-0242ac184402",
  "updatedBy": "024d78d6-1d03-11ec-a478-0242ac184402",
  "createdAt": "2021-11-05T00:00:00Z",
  "updatedAt": "2021-11-05T00:00:00Z"
}
