{
  "totalCount": 2,
  "projectNotes": [
    {
      "id": "777d71d6-1d03-41ec-a478-0242ac180002",
      "productID": "4495c574-34c2-4fb3-9ca4-3a7c79c267a6",
      "projectID": "024d71d6-1d03-41ec-a478-0242ac180002",
      "groupID": "024d78d6-1d03-41ec-a478-0242ac180002",
      "title": "プロジェクトまとめ",
      "content": "プロジェクトに関する資料まとめ",
      "createdBy": "777d78d6-1d03-41ec-a478-0242ac184402",
      "updatedBy": "777d78d6-1d03-41ec-a478-0242ac184402",
      "createdAt": "2021-11-05T00:00:00Z",
      "updatedAt": "2021-11-05T00:00:00Z"
    },
    {
      "id": "888d71d6-1d03-41ec-a478-0242ac180002",
      "productID": "4495c574-34c2-4fb3-9ca4-3a7c79c267a6",
      "projectID": "024d71d6-1d03-41ec-a478-0242ac180002",
      "groupID": "024d78d6-1d03-41ec-a478-0242ac180002",
      "title": "プロジェクトまとめ1",
      "content": "プロジェクトに関する資料まとめ",
      "createdBy": "777d78d6-1d03-41ec-a478-0242ac184402",
      "updatedBy": "777d78d6-1d03-41ec-a478-0242ac184402",
      "createdAt": "2021-11-05T00:00:00Z",
      "updatedAt": "2021-11-05T00:00:00Z"
    }
  ]
}
