{
  "status": 400,
  "error": "InvalidParameter"
}
