{
  "status": 500,
  "error": "InternalServerError"
}
