{
  "totalCount": 2,
  "projects": [
    {
      "id": "024d71d6-1d03-11ec-a478-0242ac180002",
      "productID": "4495c574-34c2-4fb3-9ca4-3a7c79c267a6",
      "groupID": "024d78d6-1d03-11ec-a478-0242ac180002",
      "keyName": "AAA",
      "name": "管理ツール1",
      "leaderID": "024d78d6-1d03-11ec-a478-0242ac184402",
      "defaultAssigneeID": "024d78d6-1d03-11ec-a478-9242ac180002",
      "trashedAt": "2021-11-14T00:00:00Z",
      "createdAt": "2021-11-14T00:00:00Z",
      "updatedAt": "2021-11-14T00:00:00Z"
    },
    {
      "id": "024d71d6-1d03-11ec-a478-0242ac180003",
      "productID": "4495c574-34c2-4fb3-9ca4-3a7c79c267a6",
      "groupID": "024d78d6-1d03-11ec-a478-0242ac180002",
      "keyName": "BBB",
      "name": "管理ツール2",
      "leaderID": "024d78d6-1d03-11ec-a478-0242ac184402",
      "defaultAssigneeID": "024d78d6-1d03-11ec-a478-9242ac180002",
      "trashedAt": "2021-11-14T00:00:00Z",
      "createdAt": "2021-11-14T00:00:00Z",
      "updatedAt": "2021-11-14T00:00:00Z"
    }
  ]
}
